de.metas.rest_api.bpartner.impl.BpartnerRestControllerTest.createOrUpdateBPartner_create=[
  {
    "bpartner": {
      "id": 100006,
      "externalId": {
        "value": "fghij_2"
      },
      "value": "code",
      "name": "bPartner.name",
      "companyName": "bPartner.companyName",
      "parentId": 1,
      "phone": "bPartner.phone",
      "language": {
        "m_name": "Deutsch",
        "m_AD_Language": "de_DE",
        "m_locale": "de_DE",
        "_decimalPoint": false,
        "_dateFormatPattern": "dd.MM.yyyy",
        "_mediaSize": {
          "x": 210000,
          "y": 297000,
          "mediaName": {
            "value": 4
          }
        },
        "leftToRight": true,
        "decimalPoint": false,
        "baseLanguage": true
      },
      "url": "bPartner.url",
      "groupId": 15,
      "changeLog": {
        "tableName": "C_BPartner",
        "recordId": {
          "keyColumnNames": [
            "C_BPartner_ID"
          ],
          "keysByColumnName": {
            "C_BPartner_ID": 100006
          },
          "singleKey": true
        },
        "createdByUserId": 0,
        "createdTimestamp": {
          "seconds": 1561134,
          "nanos": 560000000
        },
        "lastChangedByUserId": 0,
        "lastChangedTimestamp": {
          "seconds": 1561134,
          "nanos": 560000000
        },
        "entries": [ ]
      }
    },
    "locations": [
      {
        "id": {
          "repoId": 100008,
          "bpartnerId": 100006
        },
        "externalId": {
          "value": "l1_externalId"
        },
        "address1": "l1_address1",
        "address2": "l1_address2",
        "poBox": "l1_poBox",
        "postal": "l1_postal",
        "city": "l1_city",
        "region": "l1_region",
        "countryCode": "CH",
        "gln": "l1_gln",
        "changeLog": {
          "tableName": "C_BPartner_Location",
          "recordId": {
            "keyColumnNames": [
              "C_BPartner_Location_ID"
            ],
            "keysByColumnName": {
              "C_BPartner_Location_ID": 100008
            },
            "singleKey": true
          },
          "createdByUserId": 0,
          "createdTimestamp": {
            "seconds": 1561134,
            "nanos": 560000000
          },
          "lastChangedByUserId": 0,
          "lastChangedTimestamp": {
            "seconds": 1561134,
            "nanos": 560000000
          },
          "entries": [ ]
        }
      },
      {
        "id": {
          "repoId": 100010,
          "bpartnerId": 100006
        },
        "externalId": {
          "value": "l2_externalId"
        },
        "address1": "l2_address1",
        "address2": "l2_address2",
        "poBox": "l2_poBox",
        "postal": "l2_postal",
        "city": "l2_city",
        "region": "l2_region",
        "countryCode": "DE",
        "gln": "l2_gln",
        "changeLog": {
          "tableName": "C_BPartner_Location",
          "recordId": {
            "keyColumnNames": [
              "C_BPartner_Location_ID"
            ],
            "keysByColumnName": {
              "C_BPartner_Location_ID": 100010
            },
            "singleKey": true
          },
          "createdByUserId": 0,
          "createdTimestamp": {
            "seconds": 1561134,
            "nanos": 560000000
          },
          "lastChangedByUserId": 0,
          "lastChangedTimestamp": {
            "seconds": 1561134,
            "nanos": 560000000
          },
          "entries": [ ]
        }
      }
    ],
    "contacts": [
      {
        "id": {
          "repoId": 100011,
          "bpartnerId": 100006
        },
        "externalId": {
          "value": "c1_externalId"
        },
        "name": "c1_name",
        "email": "c1_email@email.net",
        "phone": "c1_phone",
        "changeLog": {
          "tableName": "AD_User",
          "recordId": {
            "keyColumnNames": [
              "AD_User_ID"
            ],
            "keysByColumnName": {
              "AD_User_ID": 100011
            },
            "singleKey": true
          },
          "createdByUserId": 0,
          "createdTimestamp": {
            "seconds": 1561134,
            "nanos": 560000000
          },
          "lastChangedByUserId": 0,
          "lastChangedTimestamp": {
            "seconds": 1561134,
            "nanos": 560000000
          },
          "entries": [ ]
        }
      },
      {
        "id": {
          "repoId": 100012,
          "bpartnerId": 100006
        },
        "externalId": {
          "value": "c2_externalId"
        },
        "name": "c2_name",
        "email": "c2_email@email.net",
        "phone": "c2_phone",
        "changeLog": {
          "tableName": "AD_User",
          "recordId": {
            "keyColumnNames": [
              "AD_User_ID"
            ],
            "keysByColumnName": {
              "AD_User_ID": 100012
            },
            "singleKey": true
          },
          "createdByUserId": 0,
          "createdTimestamp": {
            "seconds": 1561134,
            "nanos": 560000000
          },
          "lastChangedByUserId": 0,
          "lastChangedTimestamp": {
            "seconds": 1561134,
            "nanos": 560000000
          },
          "entries": [ ]
        }
      }
    ],
    "orgId": 10
  }
]


de.metas.rest_api.bpartner.impl.BpartnerRestControllerTest.createOrUpdateContact_create=[
  {
    "bpartner": {
      "id": 20,
      "externalId": {
        "value": "fghij"
      },
      "value": "bpartnerRecord.value",
      "name": "bpartnerRecord.name",
      "groupId": 15,
      "changeLog": {
        "tableName": "C_BPartner",
        "recordId": {
          "keyColumnNames": [
            "C_BPartner_ID"
          ],
          "keysByColumnName": {
            "C_BPartner_ID": 20
          },
          "singleKey": true
        },
        "createdByUserId": 30,
        "createdTimestamp": {
          "seconds": 1561133,
          "nanos": 544000000
        },
        "lastChangedByUserId": 30,
        "lastChangedTimestamp": {
          "seconds": 1561134,
          "nanos": 560000000
        },
        "entries": [ ]
      }
    },
    "locations": [
      {
        "id": {
          "repoId": 40,
          "bpartnerId": 20
        },
        "externalId": {
          "value": "bpartnerLocation.externalId"
        },
        "address1": "locationRecord.address1",
        "address2": "locationRecord.address2",
        "poBox": "locationRecord.poBox",
        "postal": "locationRecord.postal",
        "city": "locationRecord.city",
        "region": "locationRecord.regionName",
        "countryCode": "countryRecord.countryCode",
        "gln": "bpartnerLocationRecord.gln",
        "changeLog": {
          "tableName": "C_BPartner_Location",
          "recordId": {
            "keyColumnNames": [
              "C_BPartner_Location_ID"
            ],
            "keysByColumnName": {
              "C_BPartner_Location_ID": 40
            },
            "singleKey": true
          },
          "createdByUserId": 30,
          "createdTimestamp": {
            "seconds": 1561133,
            "nanos": 544000000
          },
          "lastChangedByUserId": 30,
          "lastChangedTimestamp": {
            "seconds": 1561133,
            "nanos": 544000000
          },
          "entries": [ ]
        }
      }
    ],
    "contacts": [
      {
        "id": {
          "repoId": 30,
          "bpartnerId": 20
        },
        "externalId": {
          "value": "abcde"
        },
        "name": "bpartnerRecord.name",
        "lastName": "bpartnerRecord.lastName",
        "firstName": "bpartnerRecord.firstName",
        "email": "bpartnerRecord.email",
        "phone": "bpartnerRecord.phone",
        "changeLog": {
          "tableName": "AD_User",
          "recordId": {
            "keyColumnNames": [
              "AD_User_ID"
            ],
            "keysByColumnName": {
              "AD_User_ID": 30
            },
            "singleKey": true
          },
          "createdByUserId": 30,
          "createdTimestamp": {
            "seconds": 1561133,
            "nanos": 544000000
          },
          "lastChangedByUserId": 30,
          "lastChangedTimestamp": {
            "seconds": 1561133,
            "nanos": 544000000
          },
          "entries": [ ]
        }
      },
      {
        "id": {
          "repoId": 100004,
          "bpartnerId": 20
        },
        "externalId": {
          "value": "newContact-_externalId"
        },
        "name": "newContact-_name",
        "email": "newContact-_email@email.net",
        "phone": "newContact-_phone",
        "changeLog": {
          "tableName": "AD_User",
          "recordId": {
            "keyColumnNames": [
              "AD_User_ID"
            ],
            "keysByColumnName": {
              "AD_User_ID": 100004
            },
            "singleKey": true
          },
          "createdByUserId": 0,
          "createdTimestamp": {
            "seconds": 1561134,
            "nanos": 560000000
          },
          "lastChangedByUserId": 0,
          "lastChangedTimestamp": {
            "seconds": 1561134,
            "nanos": 560000000
          },
          "entries": [ ]
        }
      }
    ],
    "orgId": 10
  }
]


de.metas.rest_api.bpartner.impl.BpartnerRestControllerTest.createOrUpdateLocation_create=[
  {
    "bpartner": {
      "id": 20,
      "externalId": {
        "value": "fghij"
      },
      "value": "bpartnerRecord.value",
      "name": "bpartnerRecord.name",
      "groupId": 15,
      "changeLog": {
        "tableName": "C_BPartner",
        "recordId": {
          "keyColumnNames": [
            "C_BPartner_ID"
          ],
          "keysByColumnName": {
            "C_BPartner_ID": 20
          },
          "singleKey": true
        },
        "createdByUserId": 30,
        "createdTimestamp": {
          "seconds": 1561133,
          "nanos": 544000000
        },
        "lastChangedByUserId": 30,
        "lastChangedTimestamp": {
          "seconds": 1561134,
          "nanos": 560000000
        },
        "entries": [ ]
      }
    },
    "locations": [
      {
        "id": {
          "repoId": 40,
          "bpartnerId": 20
        },
        "externalId": {
          "value": "bpartnerLocation.externalId"
        },
        "address1": "locationRecord.address1",
        "address2": "locationRecord.address2",
        "poBox": "locationRecord.poBox",
        "postal": "locationRecord.postal",
        "city": "locationRecord.city",
        "region": "locationRecord.regionName",
        "countryCode": "countryRecord.countryCode",
        "gln": "bpartnerLocationRecord.gln",
        "changeLog": {
          "tableName": "C_BPartner_Location",
          "recordId": {
            "keyColumnNames": [
              "C_BPartner_Location_ID"
            ],
            "keysByColumnName": {
              "C_BPartner_Location_ID": 40
            },
            "singleKey": true
          },
          "createdByUserId": 30,
          "createdTimestamp": {
            "seconds": 1561133,
            "nanos": 544000000
          },
          "lastChangedByUserId": 30,
          "lastChangedTimestamp": {
            "seconds": 1561133,
            "nanos": 544000000
          },
          "entries": [ ]
        }
      },
      {
        "id": {
          "repoId": 100006,
          "bpartnerId": 20
        },
        "externalId": {
          "value": "newLocation-_externalId"
        },
        "address1": "newLocation-_address1",
        "address2": "newLocation-_address2",
        "poBox": "newLocation-_poBox",
        "postal": "newLocation-_postal",
        "city": "newLocation-_city",
        "region": "newLocation-_region",
        "countryCode": "DE",
        "gln": "newLocation-_gln",
        "changeLog": {
          "tableName": "C_BPartner_Location",
          "recordId": {
            "keyColumnNames": [
              "C_BPartner_Location_ID"
            ],
            "keysByColumnName": {
              "C_BPartner_Location_ID": 100006
            },
            "singleKey": true
          },
          "createdByUserId": 0,
          "createdTimestamp": {
            "seconds": 1561134,
            "nanos": 560000000
          },
          "lastChangedByUserId": 0,
          "lastChangedTimestamp": {
            "seconds": 1561134,
            "nanos": 560000000
          },
          "entries": [ ]
        }
      }
    ],
    "contacts": [
      {
        "id": {
          "repoId": 30,
          "bpartnerId": 20
        },
        "externalId": {
          "value": "abcde"
        },
        "name": "bpartnerRecord.name",
        "lastName": "bpartnerRecord.lastName",
        "firstName": "bpartnerRecord.firstName",
        "email": "bpartnerRecord.email",
        "phone": "bpartnerRecord.phone",
        "changeLog": {
          "tableName": "AD_User",
          "recordId": {
            "keyColumnNames": [
              "AD_User_ID"
            ],
            "keysByColumnName": {
              "AD_User_ID": 30
            },
            "singleKey": true
          },
          "createdByUserId": 30,
          "createdTimestamp": {
            "seconds": 1561133,
            "nanos": 544000000
          },
          "lastChangedByUserId": 30,
          "lastChangedTimestamp": {
            "seconds": 1561133,
            "nanos": 544000000
          },
          "entries": [ ]
        }
      }
    ],
    "orgId": 10
  }
]


de.metas.rest_api.bpartner.impl.BpartnerRestControllerTest.retrieveBPartnerContact=[
  {
    "metasfreshId": 30,
    "externalId": "abcde",
    "metasfreshBPartnerId": 20,
    "name": "bpartnerRecord.name",
    "firstName": "bpartnerRecord.firstName",
    "lastName": "bpartnerRecord.lastName",
    "email": "bpartnerRecord.email",
    "phone": "bpartnerRecord.phone",
    "changeInfo": {
      "createdMillis": 1561133544,
      "createdBy": 30,
      "lastUpdatedMillis": 1561133544,
      "lastUpdatedBy": 30
    }
  }
]


de.metas.rest_api.bpartner.impl.BpartnerRestControllerTest.retrieveBPartnerLocation=[
  {
    "metasfreshId": 40,
    "externalId": "bpartnerLocation.externalId",
    "address1": "locationRecord.address1",
    "address2": "locationRecord.address2",
    "postal": "locationRecord.postal",
    "poBox": "locationRecord.poBox",
    "district": "postalRecord.district",
    "region": "locationRecord.regionName",
    "city": "locationRecord.city",
    "countryCode": "countryRecord.countryCode",
    "gln": "bpartnerLocationRecord.gln",
    "changeInfo": {
      "createdMillis": 1561133544,
      "createdBy": 30,
      "lastUpdatedMillis": 1561133544,
      "lastUpdatedBy": 30
    }
  }
]


de.metas.rest_api.bpartner.impl.BpartnerRestControllerTest.retrieveBPartner_ext=[
  {
    "bpartner": {
      "metasfreshId": 20,
      "externalId": "fghij",
      "code": "bpartnerRecord.value",
      "name": "bpartnerRecord.name",
      "group": "bpGroupRecord.name",
      "changeInfo": {
        "createdMillis": 1561133544,
        "createdBy": 30,
        "lastUpdatedMillis": 1561133544,
        "lastUpdatedBy": 30
      }
    },
    "locations": [
      {
        "metasfreshId": 40,
        "externalId": "bpartnerLocation.externalId",
        "address1": "locationRecord.address1",
        "address2": "locationRecord.address2",
        "postal": "locationRecord.postal",
        "poBox": "locationRecord.poBox",
        "district": "postalRecord.district",
        "region": "locationRecord.regionName",
        "city": "locationRecord.city",
        "countryCode": "countryRecord.countryCode",
        "gln": "bpartnerLocationRecord.gln",
        "changeInfo": {
          "createdMillis": 1561133544,
          "createdBy": 30,
          "lastUpdatedMillis": 1561133544,
          "lastUpdatedBy": 30
        }
      }
    ],
    "contacts": [
      {
        "metasfreshId": 30,
        "externalId": "abcde",
        "metasfreshBPartnerId": 20,
        "name": "bpartnerRecord.name",
        "firstName": "bpartnerRecord.firstName",
        "lastName": "bpartnerRecord.lastName",
        "email": "bpartnerRecord.email",
        "phone": "bpartnerRecord.phone",
        "changeInfo": {
          "createdMillis": 1561133544,
          "createdBy": 30,
          "lastUpdatedMillis": 1561133544,
          "lastUpdatedBy": 30
        }
      }
    ]
  }
]


de.metas.rest_api.bpartner.impl.BpartnerRestControllerTest.retrieveBPartner_gln=[
  {
    "bpartner": {
      "metasfreshId": 20,
      "externalId": "fghij",
      "code": "bpartnerRecord.value",
      "name": "bpartnerRecord.name",
      "group": "bpGroupRecord.name",
      "changeInfo": {
        "createdMillis": 1561133544,
        "createdBy": 30,
        "lastUpdatedMillis": 1561133544,
        "lastUpdatedBy": 30
      }
    },
    "locations": [
      {
        "metasfreshId": 40,
        "externalId": "bpartnerLocation.externalId",
        "address1": "locationRecord.address1",
        "address2": "locationRecord.address2",
        "postal": "locationRecord.postal",
        "poBox": "locationRecord.poBox",
        "district": "postalRecord.district",
        "region": "locationRecord.regionName",
        "city": "locationRecord.city",
        "countryCode": "countryRecord.countryCode",
        "gln": "bpartnerLocationRecord.gln",
        "changeInfo": {
          "createdMillis": 1561133544,
          "createdBy": 30,
          "lastUpdatedMillis": 1561133544,
          "lastUpdatedBy": 30
        }
      }
    ],
    "contacts": [
      {
        "metasfreshId": 30,
        "externalId": "abcde",
        "metasfreshBPartnerId": 20,
        "name": "bpartnerRecord.name",
        "firstName": "bpartnerRecord.firstName",
        "lastName": "bpartnerRecord.lastName",
        "email": "bpartnerRecord.email",
        "phone": "bpartnerRecord.phone",
        "changeInfo": {
          "createdMillis": 1561133544,
          "createdBy": 30,
          "lastUpdatedMillis": 1561133544,
          "lastUpdatedBy": 30
        }
      }
    ]
  }
]


de.metas.rest_api.bpartner.impl.BpartnerRestControllerTest.retrieveBPartner_id=[
  {
    "bpartner": {
      "metasfreshId": 20,
      "externalId": "fghij",
      "code": "bpartnerRecord.value",
      "name": "bpartnerRecord.name",
      "group": "bpGroupRecord.name",
      "changeInfo": {
        "createdMillis": 1561133544,
        "createdBy": 30,
        "lastUpdatedMillis": 1561133544,
        "lastUpdatedBy": 30
      }
    },
    "locations": [
      {
        "metasfreshId": 40,
        "externalId": "bpartnerLocation.externalId",
        "address1": "locationRecord.address1",
        "address2": "locationRecord.address2",
        "postal": "locationRecord.postal",
        "poBox": "locationRecord.poBox",
        "district": "postalRecord.district",
        "region": "locationRecord.regionName",
        "city": "locationRecord.city",
        "countryCode": "countryRecord.countryCode",
        "gln": "bpartnerLocationRecord.gln",
        "changeInfo": {
          "createdMillis": 1561133544,
          "createdBy": 30,
          "lastUpdatedMillis": 1561133544,
          "lastUpdatedBy": 30
        }
      }
    ],
    "contacts": [
      {
        "metasfreshId": 30,
        "externalId": "abcde",
        "metasfreshBPartnerId": 20,
        "name": "bpartnerRecord.name",
        "firstName": "bpartnerRecord.firstName",
        "lastName": "bpartnerRecord.lastName",
        "email": "bpartnerRecord.email",
        "phone": "bpartnerRecord.phone",
        "changeInfo": {
          "createdMillis": 1561133544,
          "createdBy": 30,
          "lastUpdatedMillis": 1561133544,
          "lastUpdatedBy": 30
        }
      }
    ]
  }
]


de.metas.rest_api.bpartner.impl.BpartnerRestControllerTest.retrieveBPartnersSince=[
  {
    "resultTimestamp": 1561014385,
    "totalSize": 5,
    "pageSize": 2,
    "nextPage": "e57d6ba2-e91e-4557-8fc7-cb3c0acfe1f1_D",
    "items": [
      {
        "bpartner": {
          "metasfreshId": 20,
          "externalId": "fghij",
          "code": "bpartnerRecord.value",
          "name": "bpartnerRecord.name",
          "group": "bpGroupRecord.name",
          "changeInfo": {
            "createdMillis": 1561133544,
            "createdBy": 30,
            "lastUpdatedMillis": 1561133544,
            "lastUpdatedBy": 30
          }
        },
        "locations": [
          {
            "metasfreshId": 40,
            "externalId": "bpartnerLocation.externalId",
            "address1": "locationRecord.address1",
            "address2": "locationRecord.address2",
            "postal": "locationRecord.postal",
            "poBox": "locationRecord.poBox",
            "district": "postalRecord.district",
            "region": "locationRecord.regionName",
            "city": "locationRecord.city",
            "countryCode": "countryRecord.countryCode",
            "gln": "bpartnerLocationRecord.gln",
            "changeInfo": {
              "createdMillis": 1561133544,
              "createdBy": 30,
              "lastUpdatedMillis": 1561133544,
              "lastUpdatedBy": 30
            }
          }
        ],
        "contacts": [
          {
            "metasfreshId": 30,
            "externalId": "abcde",
            "metasfreshBPartnerId": 20,
            "name": "bpartnerRecord.name",
            "firstName": "bpartnerRecord.firstName",
            "lastName": "bpartnerRecord.lastName",
            "email": "bpartnerRecord.email",
            "phone": "bpartnerRecord.phone",
            "changeInfo": {
              "createdMillis": 1561133544,
              "createdBy": 30,
              "lastUpdatedMillis": 1561133544,
              "lastUpdatedBy": 30
            }
          }
        ]
      },
      {
        "bpartner": {
          "metasfreshId": 21,
          "externalId": "fghij_1",
          "code": "bpartnerRecord.value_1",
          "name": "bpartnerRecord.name_1",
          "group": "bpGroupRecord.name",
          "changeInfo": {
            "createdMillis": 1561133544,
            "createdBy": 31,
            "lastUpdatedMillis": 1561133544,
            "lastUpdatedBy": 31
          }
        },
        "locations": [
          {
            "metasfreshId": 41,
            "externalId": "bpartnerLocation.externalId_1",
            "address1": "locationRecord.address1_1",
            "address2": "locationRecord.address2_1",
            "postal": "locationRecord.postal_1",
            "poBox": "locationRecord.poBox_1",
            "district": "postalRecord.district_1",
            "region": "locationRecord.regionName_1",
            "city": "locationRecord.city_1",
            "countryCode": "countryRecord.countryCode",
            "gln": "bpartnerLocationRecord.gln_1",
            "changeInfo": {
              "createdMillis": 1561133544,
              "createdBy": 31,
              "lastUpdatedMillis": 1561133544,
              "lastUpdatedBy": 31
            }
          }
        ],
        "contacts": [
          {
            "metasfreshId": 31,
            "externalId": "abcde_1",
            "metasfreshBPartnerId": 21,
            "name": "bpartnerRecord.name_1",
            "firstName": "bpartnerRecord.firstName_1",
            "lastName": "bpartnerRecord.lastName_1",
            "email": "bpartnerRecord.email_1",
            "phone": "bpartnerRecord.phone_1",
            "changeInfo": {
              "createdMillis": 1561133544,
              "createdBy": 31,
              "lastUpdatedMillis": 1561133544,
              "lastUpdatedBy": 31
            }
          }
        ]
      }
    ]
  },
  {
    "resultTimestamp": 1561014385,
    "totalSize": 5,
    "pageSize": 2,
    "nextPage": "e57d6ba2-e91e-4557-8fc7-cb3c0acfe1f1_E",
    "items": [
      {
        "bpartner": {
          "metasfreshId": 22,
          "externalId": "fghij_2",
          "code": "bpartnerRecord.value_2",
          "name": "bpartnerRecord.name_2",
          "group": "bpGroupRecord.name",
          "changeInfo": {
            "createdMillis": 1561133544,
            "createdBy": 32,
            "lastUpdatedMillis": 1561133544,
            "lastUpdatedBy": 32
          }
        },
        "locations": [
          {
            "metasfreshId": 42,
            "externalId": "bpartnerLocation.externalId_2",
            "address1": "locationRecord.address1_2",
            "address2": "locationRecord.address2_2",
            "postal": "locationRecord.postal_2",
            "poBox": "locationRecord.poBox_2",
            "district": "postalRecord.district_2",
            "region": "locationRecord.regionName_2",
            "city": "locationRecord.city_2",
            "countryCode": "countryRecord.countryCode",
            "gln": "bpartnerLocationRecord.gln_2",
            "changeInfo": {
              "createdMillis": 1561133544,
              "createdBy": 32,
              "lastUpdatedMillis": 1561133544,
              "lastUpdatedBy": 32
            }
          }
        ],
        "contacts": [
          {
            "metasfreshId": 32,
            "externalId": "abcde_2",
            "metasfreshBPartnerId": 22,
            "name": "bpartnerRecord.name_2",
            "firstName": "bpartnerRecord.firstName_2",
            "lastName": "bpartnerRecord.lastName_2",
            "email": "bpartnerRecord.email_2",
            "phone": "bpartnerRecord.phone_2",
            "changeInfo": {
              "createdMillis": 1561133544,
              "createdBy": 32,
              "lastUpdatedMillis": 1561133544,
              "lastUpdatedBy": 32
            }
          }
        ]
      },
      {
        "bpartner": {
          "metasfreshId": 23,
          "externalId": "fghij_3",
          "code": "bpartnerRecord.value_3",
          "name": "bpartnerRecord.name_3",
          "group": "bpGroupRecord.name",
          "changeInfo": {
            "createdMillis": 1561133544,
            "createdBy": 33,
            "lastUpdatedMillis": 1561133544,
            "lastUpdatedBy": 33
          }
        },
        "locations": [
          {
            "metasfreshId": 43,
            "externalId": "bpartnerLocation.externalId_3",
            "address1": "locationRecord.address1_3",
            "address2": "locationRecord.address2_3",
            "postal": "locationRecord.postal_3",
            "poBox": "locationRecord.poBox_3",
            "district": "postalRecord.district_3",
            "region": "locationRecord.regionName_3",
            "city": "locationRecord.city_3",
            "countryCode": "countryRecord.countryCode",
            "gln": "bpartnerLocationRecord.gln_3",
            "changeInfo": {
              "createdMillis": 1561133544,
              "createdBy": 33,
              "lastUpdatedMillis": 1561133544,
              "lastUpdatedBy": 33
            }
          }
        ],
        "contacts": [
          {
            "metasfreshId": 33,
            "externalId": "abcde_3",
            "metasfreshBPartnerId": 23,
            "name": "bpartnerRecord.name_3",
            "firstName": "bpartnerRecord.firstName_3",
            "lastName": "bpartnerRecord.lastName_3",
            "email": "bpartnerRecord.email_3",
            "phone": "bpartnerRecord.phone_3",
            "changeInfo": {
              "createdMillis": 1561133544,
              "createdBy": 33,
              "lastUpdatedMillis": 1561133544,
              "lastUpdatedBy": 33
            }
          }
        ]
      }
    ]
  },
  {
    "resultTimestamp": 1561014385,
    "totalSize": 5,
    "pageSize": 1,
    "items": [
      {
        "bpartner": {
          "metasfreshId": 24,
          "externalId": "fghij_4",
          "code": "bpartnerRecord.value_4",
          "name": "bpartnerRecord.name_4",
          "group": "bpGroupRecord.name",
          "changeInfo": {
            "createdMillis": 1561133544,
            "createdBy": 34,
            "lastUpdatedMillis": 1561133544,
            "lastUpdatedBy": 34
          }
        },
        "locations": [
          {
            "metasfreshId": 44,
            "externalId": "bpartnerLocation.externalId_4",
            "address1": "locationRecord.address1_4",
            "address2": "locationRecord.address2_4",
            "postal": "locationRecord.postal_4",
            "poBox": "locationRecord.poBox_4",
            "district": "postalRecord.district_4",
            "region": "locationRecord.regionName_4",
            "city": "locationRecord.city_4",
            "countryCode": "countryRecord.countryCode",
            "gln": "bpartnerLocationRecord.gln_4",
            "changeInfo": {
              "createdMillis": 1561133544,
              "createdBy": 34,
              "lastUpdatedMillis": 1561133544,
              "lastUpdatedBy": 34
            }
          }
        ],
        "contacts": [
          {
            "metasfreshId": 34,
            "externalId": "abcde_4",
            "metasfreshBPartnerId": 24,
            "name": "bpartnerRecord.name_4",
            "firstName": "bpartnerRecord.firstName_4",
            "lastName": "bpartnerRecord.lastName_4",
            "email": "bpartnerRecord.email_4",
            "phone": "bpartnerRecord.phone_4",
            "changeInfo": {
              "createdMillis": 1561133544,
              "createdBy": 34,
              "lastUpdatedMillis": 1561133544,
              "lastUpdatedBy": 34
            }
          }
        ]
      }
    ]
  }
]